============================= test session starts =============================
platform win32 -- Python 3.13.3, pytest-9.0.2, pluggy-1.6.0
rootdir: C:\Users\USER\Documents\Projects\AgentZero
configfile: pyproject.toml
plugins: anyio-4.12.1, langsmith-0.6.4, asyncio-1.3.0, mock-3.15.1
asyncio: mode=Mode.STRICT, debug=False, asyncio_default_fixture_loop_scope=None, asyncio_default_test_loop_scope=function
collected 23 items / 1 error

=================================== ERRORS ====================================
__________________ ERROR collecting tests/test_agentzero.py ___________________
ImportError while importing test module 'C:\Users\USER\Documents\Projects\AgentZero\tests\test_agentzero.py'.
Hint: make sure your test modules/packages have valid Python names.
Traceback:
..\..\..\AppData\Local\Programs\Python\Python313\Lib\importlib\__init__.py:88: in import_module
    return _bootstrap._gcd_import(name[level:], package, level)
           ^^^^^^^^^^^^^^^^^^^^^^^^^^^^^^^^^^^^^^^^^^^^^^^^^^^^
tests\test_agentzero.py:4: in <module>
    from agent_state import AgentState
E   ModuleNotFoundError: No module named 'agent_state'
============================== warnings summary ===============================
src\agentzero\agent_state.py:7
  C:\Users\USER\Documents\Projects\AgentZero\src\agentzero\agent_state.py:7: PydanticDeprecatedSince20: Support for class-based `config` is deprecated, use ConfigDict instead. Deprecated in Pydantic V2.0 to be removed in V3.0. See Pydantic V2 Migration Guide at https://errors.pydantic.dev/2.12/migration/
    class AgentState(BaseModel):

-- Docs: https://docs.pytest.org/en/stable/how-to/capture-warnings.html
=========================== short test summary info ===========================
ERROR tests/test_agentzero.py
!!!!!!!!!!!!!!!!!!! Interrupted: 1 error during collection !!!!!!!!!!!!!!!!!!!!
========================= 1 warning, 1 error in 1.48s =========================
